
> free-nextjs-admin-dashboard@2.2.1 build
> next build

   Γû▓ Next.js 16.0.10 (Turbopack)

   Creating an optimized production build ...
node.exe : 
At line:1 char:1
+ & "C:\Program Files\nodejs/node.exe" 
"C:\Program Files\nodejs/node_mo ...
+ ~~~~~~~~~~~~~~~~~~~~~~~~~~~~~~~~~~~~~
~~~~~~~~~~~~~~~~~~~~~~~~~~~~~~~~
    + CategoryInfo          : NotSpeci 
   fied: (:String) [], RemoteExceptio  
  n
    + FullyQualifiedErrorId : NativeCo 
   mmandError
 
> Build error occurred
Error: Turbopack build failed with 6 
errors:
./app/(admin)/page.tsx:8:1
Module not found: Can't resolve '@/app/
ui/components/ecommerce/DemographicCard
'
[0m [90m  6 |[39m [36mimport[39m 
[33mStatisticsChart[39m 
[36mfrom[39m [32m"@/app/ui/component
s/ecommerce/StatisticsChart"[39m[33m;
[39m
 [90m  7 |[39m [36mimport[39m 
[33mRecentOrders[39m [36mfrom[39m 
[32m"@/app/ui/components/ecommerce/Rece
ntOrders"[39m[33m;[39m
[31m[1m>[22m[39m[90m  8 |[39m 
[36mimport[39m 
[33mDemographicCard[39m 
[36mfrom[39m [32m"@/app/ui/component
s/ecommerce/DemographicCard"[39m[33m;
[39m
 [90m    |[39m [31m[1m^[22m[39m[
31m[1m^[22m[39m[31m[1m^[22m[39m
[31m[1m^[22m[39m[31m[1m^[22m[39m
[31m[1m^[22m[39m[31m[1m^[22m[39
m[31m[1m^[22m[39m[31m[1m^[22m[3
9m[31m[1m^[22m[39m[31m[1m^[22m[
39m[31m[1m^[22m[39m[31m[1m^[22m
[39m[31m[1m^[22m[39m[31m[1m^[22m
[39m[31m[1m^[22m[39m[31m[1m^[22
m[39m[31m[1m^[22m[39m[31m[1m^[2
2m[39m[31m[1m^[22m[39m[31m[1m^[
22m[39m[31m[1m^[22m[39m[31m[1m^
[22m[39m[31m[1m^[22m[39m[31m[1m^
[22m[39m[31m[1m^[22m[39m[31m[1m
^[22m[39m[31m[1m^[22m[39m[31m[1
m^[22m[39m[31m[1m^[22m[39m[31m[
1m^[22m[39m[31m[1m^[22m[39m[31m
[1m^[22m[39m[31m[1m^[22m[39m[31m
[1m^[22m[39m[31m[1m^[22m[39m[31
m[1m^[22m[39m[31m[1m^[22m[39m[3
1m[1m^[22m[39m[31m[1m^[22m[39m[
31m[1m^[22m[39m[31m[1m^[22m[39m
[31m[1m^[22m[39m[31m[1m^[22m[39m
[31m[1m^[22m[39m[31m[1m^[22m[39
m[31m[1m^[22m[39m[31m[1m^[22m[3
9m[31m[1m^[22m[39m[31m[1m^[22m[
39m[31m[1m^[22m[39m[31m[1m^[22m
[39m[31m[1m^[22m[39m[31m[1m^[22m
[39m[31m[1m^[22m[39m[31m[1m^[22
m[39m[31m[1m^[22m[39m[31m[1m^[2
2m[39m[31m[1m^[22m[39m[31m[1m^[
22m[39m[31m[1m^[22m[39m[31m[1m^
[22m[39m[31m[1m^[22m[39m[31m[1m^
[22m[39m[31m[1m^[22m[39m[31m[1m
^[22m[39m[31m[1m^[22m[39m[31m[1
m^[22m[39m[31m[1m^[22m[39m[31m[
1m^[22m[39m[31m[1m^[22m[39m[31m
[1m^[22m[39m[31m[1m^[22m[39m[31m
[1m^[22m[39m[31m[1m^[22m[39m[31
m[1m^[22m[39m
 [90m  9 |[39m
 [90m 10 |[39m [36mexport[39m 
[36mconst[39m metadata[33m:[39m 
[33mMetadata[39m [33m=[39m {
 [90m 11 |[39m   title[33m:[39m[0m

Import map: aliased to relative './app/
ui/components/ecommerce/DemographicCard
' inside of [project]/


https://nextjs.org/docs/messages/module
-not-found


./app/(admin)/page.tsx:2:1
Module not found: Can't resolve '@/app/
ui/components/ecommerce/EcommerceMetric
s'
[0m [90m 1 |[39m [36mimport[39m 
type { [33mMetadata[39m } 
[36mfrom[39m 
[32m"next"[39m[33m;[39m
[31m[1m>[22m[39m[90m 2 |[39m 
[36mimport[39m { 
[33mEcommerceMetrics[39m } 
[36mfrom[39m [32m"@/app/ui/component
s/ecommerce/EcommerceMetrics"[39m[33m
;[39m
 [90m   |[39m [31m[1m^[22m[39m[3
1m[1m^[22m[39m[31m[1m^[22m[39m[
31m[1m^[22m[39m[31m[1m^[22m[39m
[31m[1m^[22m[39m[31m[1m^[22m[39m
[31m[1m^[22m[39m[31m[1m^[22m[39
m[31m[1m^[22m[39m[31m[1m^[22m[3
9m[31m[1m^[22m[39m[31m[1m^[22m[
39m[31m[1m^[22m[39m[31m[1m^[22m
[39m[31m[1m^[22m[39m[31m[1m^[22m
[39m[31m[1m^[22m[39m[31m[1m^[22
m[39m[31m[1m^[22m[39m[31m[1m^[2
2m[39m[31m[1m^[22m[39m[31m[1m^[
22m[39m[31m[1m^[22m[39m[31m[1m^
[22m[39m[31m[1m^[22m[39m[31m[1m^
[22m[39m[31m[1m^[22m[39m[31m[1m
^[22m[39m[31m[1m^[22m[39m[31m[1
m^[22m[39m[31m[1m^[22m[39m[31m[
1m^[22m[39m[31m[1m^[22m[39m[31m
[1m^[22m[39m[31m[1m^[22m[39m[31m
[1m^[22m[39m[31m[1m^[22m[39m[31
m[1m^[22m[39m[31m[1m^[22m[39m[3
1m[1m^[22m[39m[31m[1m^[22m[39m[
31m[1m^[22m[39m[31m[1m^[22m[39m
[31m[1m^[22m[39m[31m[1m^[22m[39m
[31m[1m^[22m[39m[31m[1m^[22m[39
m[31m[1m^[22m[39m[31m[1m^[22m[3
9m[31m[1m^[22m[39m[31m[1m^[22m[
39m[31m[1m^[22m[39m[31m[1m^[22m
[39m[31m[1m^[22m[39m[31m[1m^[22m
[39m[31m[1m^[22m[39m[31m[1m^[22
m[39m[31m[1m^[22m[39m[31m[1m^[2
2m[39m[31m[1m^[22m[39m[31m[1m^[
22m[39m[31m[1m^[22m[39m[31m[1m^
[22m[39m[31m[1m^[22m[39m[31m[1m^
[22m[39m[31m[1m^[22m[39m[31m[1m
^[22m[39m[31m[1m^[22m[39m[31m[1
m^[22m[39m[31m[1m^[22m[39m[31m[
1m^[22m[39m[31m[1m^[22m[39m[31m
[1m^[22m[39m[31m[1m^[22m[39m[31m
[1m^[22m[39m[31m[1m^[22m[39m[31
m[1m^[22m[39m[31m[1m^[22m[39m[3
1m[1m^[22m[39m[31m[1m^[22m[39m[
31m[1m^[22m[39m
 [90m 3 |[39m [36mimport[39m 
[33mReact[39m [36mfrom[39m 
[32m"react"[39m[33m;[39m
 [90m 4 |[39m [36mimport[39m 
[33mMonthlyTarget[39m [36mfrom[39m 
[32m"@/app/ui/components/ecommerce/Mon
thlyTarget"[39m[33m;[39m
 [90m 5 |[39m [36mimport[39m 
[33mMonthlySalesChart[39m 
[36mfrom[39m [32m"@/app/ui/component
s/ecommerce/MonthlySalesChart"[39m[33
m;[39m[0m

Import map: aliased to relative './app/
ui/components/ecommerce/EcommerceMetric
s' inside of [project]/


https://nextjs.org/docs/messages/module
-not-found


./app/(admin)/page.tsx:5:1
Module not found: Can't resolve '@/app/
ui/components/ecommerce/MonthlySalesCha
rt'
[0m [90m 3 |[39m [36mimport[39m 
[33mReact[39m [36mfrom[39m 
[32m"react"[39m[33m;[39m
 [90m 4 |[39m [36mimport[39m 
[33mMonthlyTarget[39m [36mfrom[39m 
[32m"@/app/ui/components/ecommerce/Mon
thlyTarget"[39m[33m;[39m
[31m[1m>[22m[39m[90m 5 |[39m 
[36mimport[39m 
[33mMonthlySalesChart[39m 
[36mfrom[39m [32m"@/app/ui/component
s/ecommerce/MonthlySalesChart"[39m[33
m;[39m
 [90m   |[39m [31m[1m^[22m[39m[3
1m[1m^[22m[39m[31m[1m^[22m[39m[
31m[1m^[22m[39m[31m[1m^[22m[39m
[31m[1m^[22m[39m[31m[1m^[22m[39m
[31m[1m^[22m[39m[31m[1m^[22m[39
m[31m[1m^[22m[39m[31m[1m^[22m[3
9m[31m[1m^[22m[39m[31m[1m^[22m[
39m[31m[1m^[22m[39m[31m[1m^[22m
[39m[31m[1m^[22m[39m[31m[1m^[22m
[39m[31m[1m^[22m[39m[31m[1m^[22
m[39m[31m[1m^[22m[39m[31m[1m^[2
2m[39m[31m[1m^[22m[39m[31m[1m^[
22m[39m[31m[1m^[22m[39m[31m[1m^
[22m[39m[31m[1m^[22m[39m[31m[1m^
[22m[39m[31m[1m^[22m[39m[31m[1m
^[22m[39m[31m[1m^[22m[39m[31m[1
m^[22m[39m[31m[1m^[22m[39m[31m[
1m^[22m[39m[31m[1m^[22m[39m[31m
[1m^[22m[39m[31m[1m^[22m[39m[31m
[1m^[22m[39m[31m[1m^[22m[39m[31
m[1m^[22m[39m[31m[1m^[22m[39m[3
1m[1m^[22m[39m[31m[1m^[22m[39m[
31m[1m^[22m[39m[31m[1m^[22m[39m
[31m[1m^[22m[39m[31m[1m^[22m[39m
[31m[1m^[22m[39m[31m[1m^[22m[39
m[31m[1m^[22m[39m[31m[1m^[22m[3
9m[31m[1m^[22m[39m[31m[1m^[22m[
39m[31m[1m^[22m[39m[31m[1m^[22m
[39m[31m[1m^[22m[39m[31m[1m^[22m
[39m[31m[1m^[22m[39m[31m[1m^[22
m[39m[31m[1m^[22m[39m[31m[1m^[2
2m[39m[31m[1m^[22m[39m[31m[1m^[
22m[39m[31m[1m^[22m[39m[31m[1m^
[22m[39m[31m[1m^[22m[39m[31m[1m^
[22m[39m[31m[1m^[22m[39m[31m[1m
^[22m[39m[31m[1m^[22m[39m[31m[1
m^[22m[39m[31m[1m^[22m[39m[31m[
1m^[22m[39m[31m[1m^[22m[39m[31m
[1m^[22m[39m[31m[1m^[22m[39m[31m
[1m^[22m[39m[31m[1m^[22m[39m[31
m[1m^[22m[39m[31m[1m^[22m[39m[3
1m[1m^[22m[39m
 [90m 6 |[39m [36mimport[39m 
[33mStatisticsChart[39m 
[36mfrom[39m [32m"@/app/ui/component
s/ecommerce/StatisticsChart"[39m[33m;
[39m
 [90m 7 |[39m [36mimport[39m 
[33mRecentOrders[39m [36mfrom[39m 
[32m"@/app/ui/components/ecommerce/Rece
ntOrders"[39m[33m;[39m
 [90m 8 |[39m [36mimport[39m 
[33mDemographicCard[39m 
[36mfrom[39m [32m"@/app/ui/component
s/ecommerce/DemographicCard"[39m[33m;
[39m[0m

Import map: aliased to relative './app/
ui/components/ecommerce/MonthlySalesCha
rt' inside of [project]/


https://nextjs.org/docs/messages/module
-not-found


./app/(admin)/page.tsx:4:1
Module not found: Can't resolve '@/app/
ui/components/ecommerce/MonthlyTarget'
[0m [90m 2 |[39m [36mimport[39m { 
[33mEcommerceMetrics[39m } 
[36mfrom[39m [32m"@/app/ui/component
s/ecommerce/EcommerceMetrics"[39m[33m
;[39m
 [90m 3 |[39m [36mimport[39m 
[33mReact[39m [36mfrom[39m 
[32m"react"[39m[33m;[39m
[31m[1m>[22m[39m[90m 4 |[39m 
[36mimport[39m 
[33mMonthlyTarget[39m [36mfrom[39m 
[32m"@/app/ui/components/ecommerce/Mon
thlyTarget"[39m[33m;[39m
 [90m   |[39m [31m[1m^[22m[39m[3
1m[1m^[22m[39m[31m[1m^[22m[39m[
31m[1m^[22m[39m[31m[1m^[22m[39m
[31m[1m^[22m[39m[31m[1m^[22m[39m
[31m[1m^[22m[39m[31m[1m^[22m[39
m[31m[1m^[22m[39m[31m[1m^[22m[3
9m[31m[1m^[22m[39m[31m[1m^[22m[
39m[31m[1m^[22m[39m[31m[1m^[22m
[39m[31m[1m^[22m[39m[31m[1m^[22m
[39m[31m[1m^[22m[39m[31m[1m^[22
m[39m[31m[1m^[22m[39m[31m[1m^[2
2m[39m[31m[1m^[22m[39m[31m[1m^[
22m[39m[31m[1m^[22m[39m[31m[1m^
[22m[39m[31m[1m^[22m[39m[31m[1m^
[22m[39m[31m[1m^[22m[39m[31m[1m
^[22m[39m[31m[1m^[22m[39m[31m[1
m^[22m[39m[31m[1m^[22m[39m[31m[
1m^[22m[39m[31m[1m^[22m[39m[31m
[1m^[22m[39m[31m[1m^[22m[39m[31m
[1m^[22m[39m[31m[1m^[22m[39m[31
m[1m^[22m[39m[31m[1m^[22m[39m[3
1m[1m^[22m[39m[31m[1m^[22m[39m[
31m[1m^[22m[39m[31m[1m^[22m[39m
[31m[1m^[22m[39m[31m[1m^[22m[39m
[31m[1m^[22m[39m[31m[1m^[22m[39
m[31m[1m^[22m[39m[31m[1m^[22m[3
9m[31m[1m^[22m[39m[31m[1m^[22m[
39m[31m[1m^[22m[39m[31m[1m^[22m
[39m[31m[1m^[22m[39m[31m[1m^[22m
[39m[31m[1m^[22m[39m[31m[1m^[22
m[39m[31m[1m^[22m[39m[31m[1m^[2
2m[39m[31m[1m^[22m[39m[31m[1m^[
22m[39m[31m[1m^[22m[39m[31m[1m^
[22m[39m[31m[1m^[22m[39m[31m[1m^
[22m[39m[31m[1m^[22m[39m[31m[1m
^[22m[39m[31m[1m^[22m[39m[31m[1
m^[22m[39m[31m[1m^[22m[39m[31m[
1m^[22m[39m
 [90m 5 |[39m [36mimport[39m 
[33mMonthlySalesChart[39m 
[36mfrom[39m [32m"@/app/ui/component
s/ecommerce/MonthlySalesChart"[39m[33
m;[39m
 [90m 6 |[39m [36mimport[39m 
[33mStatisticsChart[39m 
[36mfrom[39m [32m"@/app/ui/component
s/ecommerce/StatisticsChart"[39m[33m;
[39m
 [90m 7 |[39m [36mimport[39m 
[33mRecentOrders[39m [36mfrom[39m 
[32m"@/app/ui/components/ecommerce/Rece
ntOrders"[39m[33m;[39m[0m

Import map: aliased to relative './app/
ui/components/ecommerce/MonthlyTarget' 
inside of [project]/


https://nextjs.org/docs/messages/module
-not-found


./app/(admin)/page.tsx:7:1
Module not found: Can't resolve '@/app/
ui/components/ecommerce/RecentOrders'
[0m [90m  5 |[39m [36mimport[39m 
[33mMonthlySalesChart[39m 
[36mfrom[39m [32m"@/app/ui/component
s/ecommerce/MonthlySalesChart"[39m[33
m;[39m
 [90m  6 |[39m [36mimport[39m 
[33mStatisticsChart[39m 
[36mfrom[39m [32m"@/app/ui/component
s/ecommerce/StatisticsChart"[39m[33m;
[39m
[31m[1m>[22m[39m[90m  7 |[39m 
[36mimport[39m 
[33mRecentOrders[39m [36mfrom[39m 
[32m"@/app/ui/components/ecommerce/Rece
ntOrders"[39m[33m;[39m
 [90m    |[39m [31m[1m^[22m[39m[
31m[1m^[22m[39m[31m[1m^[22m[39m
[31m[1m^[22m[39m[31m[1m^[22m[39m
[31m[1m^[22m[39m[31m[1m^[22m[39
m[31m[1m^[22m[39m[31m[1m^[22m[3
9m[31m[1m^[22m[39m[31m[1m^[22m[
39m[31m[1m^[22m[39m[31m[1m^[22m
[39m[31m[1m^[22m[39m[31m[1m^[22m
[39m[31m[1m^[22m[39m[31m[1m^[22
m[39m[31m[1m^[22m[39m[31m[1m^[2
2m[39m[31m[1m^[22m[39m[31m[1m^[
22m[39m[31m[1m^[22m[39m[31m[1m^
[22m[39m[31m[1m^[22m[39m[31m[1m^
[22m[39m[31m[1m^[22m[39m[31m[1m
^[22m[39m[31m[1m^[22m[39m[31m[1
m^[22m[39m[31m[1m^[22m[39m[31m[
1m^[22m[39m[31m[1m^[22m[39m[31m
[1m^[22m[39m[31m[1m^[22m[39m[31m
[1m^[22m[39m[31m[1m^[22m[39m[31
m[1m^[22m[39m[31m[1m^[22m[39m[3
1m[1m^[22m[39m[31m[1m^[22m[39m[
31m[1m^[22m[39m[31m[1m^[22m[39m
[31m[1m^[22m[39m[31m[1m^[22m[39m
[31m[1m^[22m[39m[31m[1m^[22m[39
m[31m[1m^[22m[39m[31m[1m^[22m[3
9m[31m[1m^[22m[39m[31m[1m^[22m[
39m[31m[1m^[22m[39m[31m[1m^[22m
[39m[31m[1m^[22m[39m[31m[1m^[22m
[39m[31m[1m^[22m[39m[31m[1m^[22
m[39m[31m[1m^[22m[39m[31m[1m^[2
2m[39m[31m[1m^[22m[39m[31m[1m^[
22m[39m[31m[1m^[22m[39m[31m[1m^
[22m[39m[31m[1m^[22m[39m[31m[1m^
[22m[39m[31m[1m^[22m[39m[31m[1m
^[22m[39m[31m[1m^[22m[39m[31m[1
m^[22m[39m[31m[1m^[22m[39m[31m[
1m^[22m[39m
 [90m  8 |[39m [36mimport[39m 
[33mDemographicCard[39m 
[36mfrom[39m [32m"@/app/ui/component
s/ecommerce/DemographicCard"[39m[33m;
[39m
 [90m  9 |[39m
 [90m 10 |[39m [36mexport[39m 
[36mconst[39m metadata[33m:[39m 
[33mMetadata[39m [33m=[39m {[0m

Import map: aliased to relative './app/
ui/components/ecommerce/RecentOrders' 
inside of [project]/


https://nextjs.org/docs/messages/module
-not-found


./app/(admin)/page.tsx:6:1
Module not found: Can't resolve '@/app/
ui/components/ecommerce/StatisticsChart
'
[0m [90m 4 |[39m [36mimport[39m 
[33mMonthlyTarget[39m [36mfrom[39m 
[32m"@/app/ui/components/ecommerce/Mon
thlyTarget"[39m[33m;[39m
 [90m 5 |[39m [36mimport[39m 
[33mMonthlySalesChart[39m 
[36mfrom[39m [32m"@/app/ui/component
s/ecommerce/MonthlySalesChart"[39m[33
m;[39m
[31m[1m>[22m[39m[90m 6 |[39m 
[36mimport[39m 
[33mStatisticsChart[39m 
[36mfrom[39m [32m"@/app/ui/component
s/ecommerce/StatisticsChart"[39m[33m;
[39m
 [90m   |[39m [31m[1m^[22m[39m[3
1m[1m^[22m[39m[31m[1m^[22m[39m[
31m[1m^[22m[39m[31m[1m^[22m[39m
[31m[1m^[22m[39m[31m[1m^[22m[39m
[31m[1m^[22m[39m[31m[1m^[22m[39
m[31m[1m^[22m[39m[31m[1m^[22m[3
9m[31m[1m^[22m[39m[31m[1m^[22m[
39m[31m[1m^[22m[39m[31m[1m^[22m
[39m[31m[1m^[22m[39m[31m[1m^[22m
[39m[31m[1m^[22m[39m[31m[1m^[22
m[39m[31m[1m^[22m[39m[31m[1m^[2
2m[39m[31m[1m^[22m[39m[31m[1m^[
22m[39m[31m[1m^[22m[39m[31m[1m^
[22m[39m[31m[1m^[22m[39m[31m[1m^
[22m[39m[31m[1m^[22m[39m[31m[1m
^[22m[39m[31m[1m^[22m[39m[31m[1
m^[22m[39m[31m[1m^[22m[39m[31m[
1m^[22m[39m[31m[1m^[22m[39m[31m
[1m^[22m[39m[31m[1m^[22m[39m[31m
[1m^[22m[39m[31m[1m^[22m[39m[31
m[1m^[22m[39m[31m[1m^[22m[39m[3
1m[1m^[22m[39m[31m[1m^[22m[39m[
31m[1m^[22m[39m[31m[1m^[22m[39m
[31m[1m^[22m[39m[31m[1m^[22m[39m
[31m[1m^[22m[39m[31m[1m^[22m[39
m[31m[1m^[22m[39m[31m[1m^[22m[3
9m[31m[1m^[22m[39m[31m[1m^[22m[
39m[31m[1m^[22m[39m[31m[1m^[22m
[39m[31m[1m^[22m[39m[31m[1m^[22m
[39m[31m[1m^[22m[39m[31m[1m^[22
m[39m[31m[1m^[22m[39m[31m[1m^[2
2m[39m[31m[1m^[22m[39m[31m[1m^[
22m[39m[31m[1m^[22m[39m[31m[1m^
[22m[39m[31m[1m^[22m[39m[31m[1m^
[22m[39m[31m[1m^[22m[39m[31m[1m
^[22m[39m[31m[1m^[22m[39m[31m[1
m^[22m[39m[31m[1m^[22m[39m[31m[
1m^[22m[39m[31m[1m^[22m[39m[31m
[1m^[22m[39m[31m[1m^[22m[39m[31m
[1m^[22m[39m
 [90m 7 |[39m [36mimport[39m 
[33mRecentOrders[39m [36mfrom[39m 
[32m"@/app/ui/components/ecommerce/Rece
ntOrders"[39m[33m;[39m
 [90m 8 |[39m [36mimport[39m 
[33mDemographicCard[39m 
[36mfrom[39m [32m"@/app/ui/component
s/ecommerce/DemographicCard"[39m[33m;
[39m
 [90m 9 |[39m[0m

Import map: aliased to relative './app/
ui/components/ecommerce/StatisticsChart
' inside of [project]/


https://nextjs.org/docs/messages/module
-not-found


    at <unknown> 
(./app/(admin)/page.tsx:8:1)
    at <unknown> (https://nextjs.org/do
cs/messages/module-not-found)
    at <unknown> 
(./app/(admin)/page.tsx:2:1)
    at <unknown> (https://nextjs.org/do
cs/messages/module-not-found)
    at <unknown> 
(./app/(admin)/page.tsx:5:1)
    at <unknown> (https://nextjs.org/do
cs/messages/module-not-found)
    at <unknown> 
(./app/(admin)/page.tsx:4:1)
    at <unknown> (https://nextjs.org/do
cs/messages/module-not-found)
    at <unknown> 
(./app/(admin)/page.tsx:7:1)
    at <unknown> (https://nextjs.org/do
cs/messages/module-not-found)
    at <unknown> 
(./app/(admin)/page.tsx:6:1)
    at <unknown> (https://nextjs.org/do
cs/messages/module-not-found)
